[2m9:46:24 am[22m [31m[1m[vite][22m[39m [31mhttp proxy error: /api/v1/auth/permissions[39m
Error: socket hang up
    at Socket.socketOnEnd (node:_http_client:542:25)
    at Socket.emit (node:events:530:35)
    at endReadableNT (node:internal/streams/readable:1698:12)
    at process.processTicksAndRejections (node:internal/process/task_queues:90:21)
[2m9:46:24 am[22m [31m[1m[vite][22m[39m [31mhttp proxy error: /api/v1/tenant/subscription[39m
Error: socket hang up
    at Socket.socketOnEnd (node:_http_client:542:25)
    at Socket.emit (node:events:530:35)
    at endReadableNT (node:internal/streams/readable:1698:12)
    at process.processTicksAndRejections (node:internal/process/task_queues:90:21)
[2m9:46:24 am[22m [31m[1m[vite][22m[39m [31mhttp proxy error: /api/v1/tenant/company[39m
Error: socket hang up
    at Socket.socketOnEnd (node:_http_client:542:25)
    at Socket.emit (node:events:530:35)
    at endReadableNT (node:internal/streams/readable:1698:12)
    at process.processTicksAndRejections (node:internal/process/task_queues:90:21)
[2m9:46:24 am[22m [31m[1m[vite][22m[39m [31mhttp proxy error: /api/v1/auth/permissions[39m
AggregateError [ECONNREFUSED]: 
    at internalConnectMultiple (node:net:1134:18)
    at afterConnectMultiple (node:net:1715:7)
[2m9:46:24 am[22m [31m[1m[vite][22m[39m [31mhttp proxy error: /api/v1/tenant/subscription[39m
AggregateError [ECONNREFUSED]: 
    at internalConnectMultiple (node:net:1134:18)
    at afterConnectMultiple (node:net:1715:7)
[2m9:46:24 am[22m [31m[1m[vite][22m[39m [31mhttp proxy error: /api/v1/tenant/company[39m
AggregateError [ECONNREFUSED]: 
    at internalConnectMultiple (node:net:1134:18)
    at afterConnectMultiple (node:net:1715:7)
[2m9:46:35 am[22m [31m[1m[vite][22m[39m [31mhttp proxy error: /api/v1/auth/permissions[39m
AggregateError [ECONNREFUSED]: 
    at internalConnectMultiple (node:net:1134:18)
    at afterConnectMultiple (node:net:1715:7)
[2m9:46:35 am[22m [31m[1m[vite][22m[39m [31mhttp proxy error: /api/v1/auth/permissions[39m
AggregateError [ECONNREFUSED]: 
    at internalConnectMultiple (node:net:1134:18)
    at afterConnectMultiple (node:net:1715:7)
[2m9:46:35 am[22m [31m[1m[vite][22m[39m [31mhttp proxy error: /api/v1/vehicles?page=1&pageSize=10&search=&sortBy=registrationNumber&sortDescending=false[39m
AggregateError [ECONNREFUSED]: 
    at internalConnectMultiple (node:net:1134:18)
    at afterConnectMultiple (node:net:1715:7)
[2m9:46:35 am[22m [31m[1m[vite][22m[39m [31mhttp proxy error: /api/v1/vehicles/stats[39m
AggregateError [ECONNREFUSED]: 
    at internalConnectMultiple (node:net:1134:18)
    at afterConnectMultiple (node:net:1715:7)
[2m9:46:35 am[22m [31m[1m[vite][22m[39m [31mhttp proxy error: /api/v1/vehicles?page=1&pageSize=10&search=&sortBy=registrationNumber&sortDescending=false[39m
AggregateError [ECONNREFUSED]: 
    at internalConnectMultiple (node:net:1134:18)
    at afterConnectMultiple (node:net:1715:7)
[2m9:46:35 am[22m [31m[1m[vite][22m[39m [31mhttp proxy error: /api/v1/vehicles/stats[39m
AggregateError [ECONNREFUSED]: 
    at internalConnectMultiple (node:net:1134:18)
    at afterConnectMultiple (node:net:1715:7)
